// Jest Snapshot v1, https://goo.gl/fbAQLP

exports[`Search Movies 1`] = `
Array [
  ❄ � Frozen,
  �� Finding Nemo,
  ��� Kung Fu Panda,
]
`;
